Traceback (most recent call last):
  File "C:\Users\sofmo\miniconda3\envs\ml_venv\lib\site-packages\jupyter_cache\executors\utils.py", line 58, in single_nb_execution
    executenb(
  File "C:\Users\sofmo\miniconda3\envs\ml_venv\lib\site-packages\nbclient\client.py", line 1314, in execute
    return NotebookClient(nb=nb, resources=resources, km=km, **kwargs).execute()
  File "C:\Users\sofmo\miniconda3\envs\ml_venv\lib\site-packages\jupyter_core\utils\__init__.py", line 165, in wrapped
    return loop.run_until_complete(inner)
  File "C:\Users\sofmo\miniconda3\envs\ml_venv\lib\asyncio\base_events.py", line 647, in run_until_complete
    return future.result()
  File "C:\Users\sofmo\miniconda3\envs\ml_venv\lib\site-packages\nbclient\client.py", line 709, in async_execute
    await self.async_execute_cell(
  File "C:\Users\sofmo\miniconda3\envs\ml_venv\lib\site-packages\nbclient\client.py", line 1062, in async_execute_cell
    await self._check_raise_for_error(cell, cell_index, exec_reply)
  File "C:\Users\sofmo\miniconda3\envs\ml_venv\lib\site-packages\nbclient\client.py", line 918, in _check_raise_for_error
    raise CellExecutionError.from_cell_and_msg(cell, exec_reply_content)
nbclient.exceptions.CellExecutionError: An error occurred while executing the following cell:
------------------
import pandas as pd
import numpy as np
import matplotlib.pyplot as plt
import seaborn as sns
import time
import warnings
import plotly.express as px
from plotly.offline import plot
from plotly.subplots import make_subplots
import plotly.graph_objects as go
import plotly.subplots as sp
from sklearn.model_selection import StratifiedKFold
from IPython.display import display, HTML
from sklearn.neighbors import KNeighborsClassifier
from sklearn.metrics import (classification_report, confusion_matrix, roc_curve,auc, roc_auc_score)
from sklearn.preprocessing import label_binarize
import plotly.figure_factory as ff
from IPython.display import display, HTML
from sklearn.naive_bayes import GaussianNB
from sklearn.linear_model import LogisticRegression
from imblearn.over_sampling import SMOTE, ADASYN
from scipy.stats import mode
from sklearn.calibration import CalibratedClassifierCV
from sklearn.linear_model import RidgeClassifierCV
from sklearn.tree import DecisionTreeClassifier
from sklearn.ensemble import RandomForestClassifier
import xgboost as xgb
from lime.lime_tabular import LimeTabularExplainer
from sklearn.svm import SVC
from sklearn.svm import LinearSVC
from sklearn.linear_model import SGDClassifier
from sklearn.base import is_classifier
from sklearn.metrics import balanced_accuracy_score
from sklearn.pipeline import Pipeline
from sklearn.preprocessing import StandardScaler
import faiss
from sklearn.base import BaseEstimator, ClassifierMixin
from sklearn.model_selection import GridSearchCV
from joblib import Memory
from sklearn.inspection import permutation_importance
------------------


[1;31m------------------------------------------------------------------------[0m
[1;31mModuleNotFoundError[0m                    Traceback (most recent call last)
Cell [1;32mIn[1], line 1[0m
[1;32m----> 1[0m [38;5;28;01mimport[39;00m [38;5;21;01mpandas[39;00m [38;5;28;01mas[39;00m [38;5;21;01mpd[39;00m
[0;32m      2[0m [38;5;28;01mimport[39;00m [38;5;21;01mnumpy[39;00m [38;5;28;01mas[39;00m [38;5;21;01mnp[39;00m
[0;32m      3[0m [38;5;28;01mimport[39;00m [38;5;21;01mmatplotlib[39;00m[38;5;21;01m.[39;00m[38;5;21;01mpyplot[39;00m [38;5;28;01mas[39;00m [38;5;21;01mplt[39;00m

[1;31mModuleNotFoundError[0m: No module named 'pandas'

