Traceback (most recent call last):
  File "C:\Users\sofmo\miniconda3\envs\ml_venv\lib\site-packages\jupyter_cache\executors\utils.py", line 58, in single_nb_execution
    executenb(
  File "C:\Users\sofmo\miniconda3\envs\ml_venv\lib\site-packages\nbclient\client.py", line 1314, in execute
    return NotebookClient(nb=nb, resources=resources, km=km, **kwargs).execute()
  File "C:\Users\sofmo\miniconda3\envs\ml_venv\lib\site-packages\jupyter_core\utils\__init__.py", line 165, in wrapped
    return loop.run_until_complete(inner)
  File "C:\Users\sofmo\miniconda3\envs\ml_venv\lib\asyncio\base_events.py", line 647, in run_until_complete
    return future.result()
  File "C:\Users\sofmo\miniconda3\envs\ml_venv\lib\site-packages\nbclient\client.py", line 709, in async_execute
    await self.async_execute_cell(
  File "C:\Users\sofmo\miniconda3\envs\ml_venv\lib\site-packages\nbclient\client.py", line 1062, in async_execute_cell
    await self._check_raise_for_error(cell, cell_index, exec_reply)
  File "C:\Users\sofmo\miniconda3\envs\ml_venv\lib\site-packages\nbclient\client.py", line 918, in _check_raise_for_error
    raise CellExecutionError.from_cell_and_msg(cell, exec_reply_content)
nbclient.exceptions.CellExecutionError: An error occurred while executing the following cell:
------------------
from joblib import Memory
from sklearn.pipeline import Pipeline
from sklearn.preprocessing import StandardScaler
from sklearn.model_selection import GridSearchCV
from sklearn.metrics import (
    classification_report,
    confusion_matrix,
    roc_curve,
    roc_auc_score
)
from xgboost import XGBClassifier
import plotly.figure_factory as ff
import plotly.graph_objects as go
from IPython.display import display, HTML
import pandas as pd
import numpy as np
import time
import warnings
warnings.filterwarnings("ignore")

from joblib import Memory
from sklearn.pipeline import Pipeline
from sklearn.preprocessing import StandardScaler
from sklearn.model_selection import GridSearchCV
from sklearn.metrics import (
    classification_report,
    confusion_matrix,
    roc_curve,
    roc_auc_score
)
from xgboost import XGBClassifier
from lime.lime_tabular import LimeTabularExplainer
import plotly.figure_factory as ff
import plotly.graph_objects as go
from IPython.display import display, HTML
import pandas as pd
import numpy as np
import time

------------------


[1;31m------------------------------------------------------------------------[0m
[1;31mModuleNotFoundError[0m                    Traceback (most recent call last)
Cell [1;32mIn[1], line 1[0m
[1;32m----> 1[0m [38;5;28;01mfrom[39;00m [38;5;21;01mjoblib[39;00m [38;5;28;01mimport[39;00m Memory
[0;32m      2[0m [38;5;28;01mfrom[39;00m [38;5;21;01msklearn[39;00m[38;5;21;01m.[39;00m[38;5;21;01mpipeline[39;00m [38;5;28;01mimport[39;00m Pipeline
[0;32m      3[0m [38;5;28;01mfrom[39;00m [38;5;21;01msklearn[39;00m[38;5;21;01m.[39;00m[38;5;21;01mpreprocessing[39;00m [38;5;28;01mimport[39;00m StandardScaler

[1;31mModuleNotFoundError[0m: No module named 'joblib'

